Copyright 1986-2022 Xilinx, Inc. All Rights Reserved. Copyright 2022-2025 Advanced Micro Devices, Inc. All Rights Reserved.
-----------------------------------------------------------------------------------------------------------------------------------------------------------------------------------------------------------------------------------------
| Tool Version : Vivado v.2025.2 (win64) Build 6299465 Fri Nov 14 19:35:11 GMT 2025
| Date         : Tue Oct  6 22:21:38 2026
| Host         : DESKTOP-GPPK3QP running 64-bit major release  (build 9200)
| Command      : report_utilization -hierarchical_min_primitive_count 50 -file {D:/Area de trabalho/PoliUSP/IC/IC_Hardware_Trojan_Cryptographic/results/golden_model/utilization_report.rpt} -name falcon_samplerz_utilization_synth.rpt
| Design       : samplerz
| Device       : xc7a200tfbg484-3
| Speed File   : -3
| Design State : Synthesized
-----------------------------------------------------------------------------------------------------------------------------------------------------------------------------------------------------------------------------------------

Utilization Design Information

Table of Contents
-----------------
1. Slice Logic
1.1 Summary of Registers by Type
2. Memory
3. DSP
4. IO and GT Specific
5. Clocking
6. Specific Feature
7. Primitives
8. Black Boxes
9. Instantiated Netlists

1. Slice Logic
--------------

+-------------------------+-------+-------+------------+-----------+-------+
|        Site Type        |  Used | Fixed | Prohibited | Available | Util% |
+-------------------------+-------+-------+------------+-----------+-------+
| Slice LUTs*             | 14652 |     0 |          0 |    134600 | 10.89 |
|   LUT as Logic          | 14652 |     0 |          0 |    134600 | 10.89 |
|   LUT as Memory         |     0 |     0 |          0 |     46200 |  0.00 |
| Slice Registers         | 10505 |     0 |          0 |    269200 |  3.90 |
|   Register as Flip Flop | 10505 |     0 |          0 |    269200 |  3.90 |
|   Register as Latch     |     0 |     0 |          0 |    269200 |  0.00 |
| F7 Muxes                |   561 |     0 |          0 |     67300 |  0.83 |
| F8 Muxes                |     6 |     0 |          0 |     33650 |  0.02 |
| Unique Control Sets     |    57 |       |          0 |     33650 |  0.17 |
+-------------------------+-------+-------+------------+-----------+-------+
* Warning! The Final LUT count, after physical optimizations and full implementation, is typically lower. Run opt_design after synthesis, if not already completed, for a more realistic count.
Warning! LUT value is adjusted to account for LUT combining.
Warning! For any ECO changes, please run place_design if there are unplaced instances
** Note: Available Control Sets calculated as Slice * 1, Review the Control Sets Report for more information regarding control sets.


1.1 Summary of Registers by Type
--------------------------------

+-------+--------------+-------------+--------------+
| Total | Clock Enable | Synchronous | Asynchronous |
+-------+--------------+-------------+--------------+
| 0     |            _ |           - |            - |
| 0     |            _ |           - |          Set |
| 0     |            _ |           - |        Reset |
| 0     |            _ |         Set |            - |
| 0     |            _ |       Reset |            - |
| 0     |          Yes |           - |            - |
| 0     |          Yes |           - |          Set |
| 50    |          Yes |           - |        Reset |
| 75    |          Yes |         Set |            - |
| 10380 |          Yes |       Reset |            - |
+-------+--------------+-------------+--------------+


2. Memory
---------

+----------------+------+-------+------------+-----------+-------+
|    Site Type   | Used | Fixed | Prohibited | Available | Util% |
+----------------+------+-------+------------+-----------+-------+
| Block RAM Tile |    0 |     0 |          0 |       365 |  0.00 |
|   RAMB36/FIFO* |    0 |     0 |          0 |       365 |  0.00 |
|   RAMB18       |    0 |     0 |          0 |       730 |  0.00 |
+----------------+------+-------+------------+-----------+-------+
* Note: Each Block RAM Tile only has one FIFO logic available and therefore can accommodate only one FIFO36E1 or one FIFO18E1. However, if a FIFO18E1 occupies a Block RAM Tile, that tile can still accommodate a RAMB18E1


3. DSP
------

+----------------+------+-------+------------+-----------+-------+
|    Site Type   | Used | Fixed | Prohibited | Available | Util% |
+----------------+------+-------+------------+-----------+-------+
| DSPs           |   80 |     0 |          0 |       740 | 10.81 |
|   DSP48E1 only |   80 |       |            |           |       |
+----------------+------+-------+------------+-----------+-------+


4. IO and GT Specific
---------------------

+-----------------------------+------+-------+------------+-----------+--------+
|          Site Type          | Used | Fixed | Prohibited | Available |  Util% |
+-----------------------------+------+-------+------------+-----------+--------+
| Bonded IOB                  |  588 |     0 |          0 |       285 | 206.32 |
| Bonded IPADs                |    0 |     0 |          0 |        14 |   0.00 |
| Bonded OPADs                |    0 |     0 |          0 |         8 |   0.00 |
| PHY_CONTROL                 |    0 |     0 |          0 |        10 |   0.00 |
| PHASER_REF                  |    0 |     0 |          0 |        10 |   0.00 |
| OUT_FIFO                    |    0 |     0 |          0 |        40 |   0.00 |
| IN_FIFO                     |    0 |     0 |          0 |        40 |   0.00 |
| IDELAYCTRL                  |    0 |     0 |          0 |        10 |   0.00 |
| IBUFDS                      |    0 |     0 |          0 |       274 |   0.00 |
| GTPE2_CHANNEL               |    0 |     0 |          0 |         4 |   0.00 |
| PHASER_OUT/PHASER_OUT_PHY   |    0 |     0 |          0 |        40 |   0.00 |
| PHASER_IN/PHASER_IN_PHY     |    0 |     0 |          0 |        40 |   0.00 |
| IDELAYE2/IDELAYE2_FINEDELAY |    0 |     0 |          0 |       500 |   0.00 |
| IBUFDS_GTE2                 |    0 |     0 |          0 |         2 |   0.00 |
| ILOGIC                      |    0 |     0 |          0 |       285 |   0.00 |
| OLOGIC                      |    0 |     0 |          0 |       285 |   0.00 |
+-----------------------------+------+-------+------------+-----------+--------+


5. Clocking
-----------

+------------+------+-------+------------+-----------+-------+
|  Site Type | Used | Fixed | Prohibited | Available | Util% |
+------------+------+-------+------------+-----------+-------+
| BUFGCTRL   |    1 |     0 |          0 |        32 |  3.13 |
| BUFIO      |    0 |     0 |          0 |        40 |  0.00 |
| MMCME2_ADV |    0 |     0 |          0 |        10 |  0.00 |
| PLLE2_ADV  |    0 |     0 |          0 |        10 |  0.00 |
| BUFMRCE    |    0 |     0 |          0 |        20 |  0.00 |
| BUFHCE     |    0 |     0 |          0 |       120 |  0.00 |
| BUFR       |    0 |     0 |          0 |        40 |  0.00 |
+------------+------+-------+------------+-----------+-------+


6. Specific Feature
-------------------

+-------------+------+-------+------------+-----------+-------+
|  Site Type  | Used | Fixed | Prohibited | Available | Util% |
+-------------+------+-------+------------+-----------+-------+
| BSCANE2     |    0 |     0 |          0 |         4 |  0.00 |
| CAPTUREE2   |    0 |     0 |          0 |         1 |  0.00 |
| DNA_PORT    |    0 |     0 |          0 |         1 |  0.00 |
| EFUSE_USR   |    0 |     0 |          0 |         1 |  0.00 |
| FRAME_ECCE2 |    0 |     0 |          0 |         1 |  0.00 |
| ICAPE2      |    0 |     0 |          0 |         2 |  0.00 |
| PCIE_2_1    |    0 |     0 |          0 |         1 |  0.00 |
| STARTUPE2   |    0 |     0 |          0 |         1 |  0.00 |
| XADC        |    0 |     0 |          0 |         1 |  0.00 |
+-------------+------+-------+------------+-----------+-------+


7. Primitives
-------------

+----------+-------+---------------------+
| Ref Name |  Used | Functional Category |
+----------+-------+---------------------+
| FDRE     | 10380 |        Flop & Latch |
| LUT6     |  5995 |                 LUT |
| LUT2     |  2824 |                 LUT |
| LUT3     |  2783 |                 LUT |
| LUT4     |  2107 |                 LUT |
| LUT5     |  1736 |                 LUT |
| CARRY4   |  1678 |          CarryLogic |
| MUXF7    |   561 |               MuxFx |
| LUT1     |   518 |                 LUT |
| IBUF     |   303 |                  IO |
| OBUF     |   285 |                  IO |
| DSP48E1  |    80 |    Block Arithmetic |
| FDSE     |    75 |        Flop & Latch |
| FDCE     |    50 |        Flop & Latch |
| MUXF8    |     6 |               MuxFx |
| BUFG     |     1 |               Clock |
+----------+-------+---------------------+


8. Black Boxes
--------------

+----------+------+
| Ref Name | Used |
+----------+------+


9. Instantiated Netlists
------------------------

+------------------+------+
|     Ref Name     | Used |
+------------------+------+
| fp_sub_s         |    4 |
| fp_i2flt_int32_s |    4 |
| fp_mult_s        |    2 |
| fp_i2flt_int64_s |    1 |
| fp_i2flt_int32   |    1 |
| fp_flt2i_int64_s |    1 |
| fp_flt2i_int32_s |    1 |
+------------------+------+


